// Jest Snapshot v1, https://goo.gl/fbAQLP

exports[`should render PageTitle correctly 1`] = `
<div
  className="page-header"
>
  <div
    className="container"
  >
    <h1
      className="page-header__title"
    >
      Some title
    </h1>
    <h5
      className="page-header__text"
    />
  </div>
</div>
`;
