// Jest Snapshot v1, https://goo.gl/fbAQLP

exports[`should render login page correctly 1`] = `
<section
  className="box-layout"
>
  <div
    className=""
  >
    <div
      className="box-layout__box"
    >
      <h1
        className="box-layout__title"
      >
        My blog
      </h1>
      <p>
        Lets write something awesome
      </p>
      <button
        className="button"
        onClick={[MockFunction]}
      >
        Login with Google
      </button>
    </div>
  </div>
</section>
`;
