// Jest Snapshot v1, https://goo.gl/fbAQLP

exports[`should render PostList with empty message 1`] = `
<div
  className="list"
>
  <div
    className="container"
  >
    <div>
      <span>
        No posts to show
      </span>
    </div>
  </div>
</div>
`;

exports[`should render PostList with posts 1`] = `
<div
  className="list"
>
  <div
    className="container"
  >
    <div
      className="list__table"
    >
      <div
        className="list__header"
      >
        <div
          className="list__header-item"
        >
          <p>
            Title
          </p>
        </div>
        <div
          className="list__header-item"
        >
          <p>
            Date
          </p>
        </div>
      </div>
      <div
        className="list__body"
      >
        <Link
          className="list__body-item"
          key="1"
          to="/edit/1"
        >
          <p>
            First post
          </p>
        </Link>
        <Link
          className="list__body-item"
          key="2"
          to="/edit/2"
        >
          <p>
            Second post
          </p>
        </Link>
        <Link
          className="list__body-item"
          key="3"
          to="/edit/3"
        >
          <p>
            Third post
          </p>
        </Link>
      </div>
    </div>
  </div>
</div>
`;
